// Jest Snapshot v1, https://goo.gl/fbAQLP

exports[`TodoModel generate the expected schema 1`] = `
Object {
  "definitions": Object {
    "TaskModel": Object {
      "properties": Object {
        "done": Object {
          "default": false,
          "type": "boolean",
        },
        "title": Object {
          "examples": Array [
            "My task title",
          ],
          "maxLength": 200,
          "minLength": 3,
          "type": "string",
        },
      },
      "required": Array [
        "title",
        "done",
      ],
      "type": "object",
    },
  },
  "properties": Object {
    "id": Object {
      "description": "An ObjectID",
      "examples": Array [
        "5ce7ad3028890bd71749d477",
      ],
      "pattern": "^[0-9a-fA-F]{24}$",
      "type": "string",
    },
    "status": Object {
      "default": "CREATED",
      "enum": Array [
        "CREATED",
        "IN_PROGRESS",
        "DONE",
      ],
      "minLength": 1,
      "type": "string",
    },
    "tasks": Object {
      "items": Object {
        "$ref": "#/definitions/TaskModel",
      },
      "maxItems": 20,
      "type": "array",
    },
    "title": Object {
      "examples": Array [
        "My todo title",
      ],
      "maxLength": 200,
      "minLength": 3,
      "type": "string",
    },
  },
  "required": Array [
    "title",
    "tasks",
    "status",
  ],
  "type": "object",
}
`;
